[0/1] Re-running CMake...
-- Building ESP-IDF components for target esp32c3
NOTICE: Processing 13 dependencies:
NOTICE: [1/13] chmorgan/esp-audio-player (1.0.5)
NOTICE: [2/13] chmorgan/esp-file-iterator (1.0.0)
NOTICE: [3/13] chmorgan/esp-libhelix-mp3 (1.0.3)
NOTICE: [4/13] espressif/button (3.4.0)
NOTICE: [5/13] espressif/cmake_utilities (0.5.3)
NOTICE: [6/13] espressif/esp32_c3_lcdkit (1.0.1)
NOTICE: [7/13] espressif/esp_codec_dev (1.1.0)
NOTICE: [8/13] espressif/esp_lcd_gc9a01 (1.2.0)
NOTICE: [9/13] espressif/esp_lvgl_port (1.4.0)
NOTICE: [10/13] espressif/knob (0.1.5)
NOTICE: [11/13] espressif/led_strip (2.5.5)
NOTICE: [12/13] lvgl/lvgl (8.4.0)
NOTICE: [13/13] idf (5.3.2)
-- Project sdkconfig file /Users/requieeeem/esp/esp-dev-kits/esp32-c3-lcdkit/examples/knob_panel/sdkconfig
Loading defaults file /Users/requieeeem/esp/esp-dev-kits/esp32-c3-lcdkit/examples/knob_panel/sdkconfig.defaults...
/Users/requieeeem/esp/esp-dev-kits/esp32-c3-lcdkit/examples/knob_panel/sdkconfig.defaults:12 CONFIG_BT_NIMBLE_ACL_BUF_COUNT was replaced with CONFIG_BT_NIMBLE_TRANSPORT_ACL_FROM_LL_COUNT 
-- Adding linker script /Users/requieeeem/esp/esp-idf/components/riscv/ld/rom.api.ld
-- App "c3_knob_panel" version: d24ee83-dirty
-- Adding linker script /Users/requieeeem/esp/esp-dev-kits/esp32-c3-lcdkit/examples/knob_panel/build/esp-idf/esp_system/ld/memory.ld
-- Adding linker script /Users/requieeeem/esp/esp-dev-kits/esp32-c3-lcdkit/examples/knob_panel/build/esp-idf/esp_system/ld/sections.ld.in
-- Adding linker script /Users/requieeeem/esp/esp-idf/components/esp_rom/esp32c3/ld/esp32c3.rom.ld
-- Adding linker script /Users/requieeeem/esp/esp-idf/components/esp_rom/esp32c3/ld/esp32c3.rom.api.ld
-- Adding linker script /Users/requieeeem/esp/esp-idf/components/esp_rom/esp32c3/ld/esp32c3.rom.bt_funcs.ld
-- Adding linker script /Users/requieeeem/esp/esp-idf/components/esp_rom/esp32c3/ld/esp32c3.rom.libgcc.ld
-- Adding linker script /Users/requieeeem/esp/esp-idf/components/esp_rom/esp32c3/ld/esp32c3.rom.version.ld
-- Adding linker script /Users/requieeeem/esp/esp-idf/components/esp_rom/esp32c3/ld/esp32c3.rom.eco3.ld
-- Adding linker script /Users/requieeeem/esp/esp-idf/components/esp_rom/esp32c3/ld/esp32c3.rom.eco3_bt_funcs.ld
-- Adding linker script /Users/requieeeem/esp/esp-idf/components/esp_rom/esp32c3/ld/esp32c3.rom.newlib.ld
-- Adding linker script /Users/requieeeem/esp/esp-idf/components/soc/esp32c3/ld/esp32c3.peripherals.ld
-- BUTTON: 3.4.0
-- ESP_LCD_GC9A01: 1.2.0
-- KNOB: 0.1.5
-- Components: app_trace app_update bootloader bootloader_support bt chmorgan__esp-audio-player chmorgan__esp-file-iterator chmorgan__esp-libhelix-mp3 cmock console cxx driver efuse esp-tls esp_adc esp_app_format esp_bootloader_format esp_coex esp_common esp_driver_ana_cmpr esp_driver_cam esp_driver_dac esp_driver_gpio esp_driver_gptimer esp_driver_i2c esp_driver_i2s esp_driver_isp esp_driver_jpeg esp_driver_ledc esp_driver_mcpwm esp_driver_parlio esp_driver_pcnt esp_driver_ppa esp_driver_rmt esp_driver_sdio esp_driver_sdm esp_driver_sdmmc esp_driver_sdspi esp_driver_spi esp_driver_touch_sens esp_driver_tsens esp_driver_uart esp_driver_usb_serial_jtag esp_eth esp_event esp_gdbstub esp_hid esp_http_client esp_http_server esp_https_ota esp_https_server esp_hw_support esp_lcd esp_local_ctrl esp_mm esp_netif esp_netif_stack esp_partition esp_phy esp_pm esp_psram esp_ringbuf esp_rom esp_system esp_timer esp_vfs_console esp_wifi espcoredump espressif__button espressif__cmake_utilities espressif__esp32_c3_lcdkit espressif__esp_codec_dev espressif__esp_lcd_gc9a01 espressif__esp_lvgl_port espressif__knob espressif__led_strip esptool_py fatfs freertos hal heap http_parser idf_test ieee802154 json log lvgl__lvgl lwip main mbedtls mqtt newlib nvs_flash nvs_sec_provider openthread partition_table protobuf-c protocomm pthread riscv sdmmc soc spi_flash spiffs tcp_transport ulp unity usb vfs wear_levelling wifi_provisioning wpa_supplicant
-- Component paths: /Users/requieeeem/esp/esp-idf/components/app_trace /Users/requieeeem/esp/esp-idf/components/app_update /Users/requieeeem/esp/esp-idf/components/bootloader /Users/requieeeem/esp/esp-idf/components/bootloader_support /Users/requieeeem/esp/esp-idf/components/bt /Users/requieeeem/esp/esp-dev-kits/esp32-c3-lcdkit/examples/knob_panel/managed_components/chmorgan__esp-audio-player /Users/requieeeem/esp/esp-dev-kits/esp32-c3-lcdkit/examples/knob_panel/managed_components/chmorgan__esp-file-iterator /Users/requieeeem/esp/esp-dev-kits/esp32-c3-lcdkit/examples/knob_panel/managed_components/chmorgan__esp-libhelix-mp3 /Users/requieeeem/esp/esp-idf/components/cmock /Users/requieeeem/esp/esp-idf/components/console /Users/requieeeem/esp/esp-idf/components/cxx /Users/requieeeem/esp/esp-idf/components/driver /Users/requieeeem/esp/esp-idf/components/efuse /Users/requieeeem/esp/esp-idf/components/esp-tls /Users/requieeeem/esp/esp-idf/components/esp_adc /Users/requieeeem/esp/esp-idf/components/esp_app_format /Users/requieeeem/esp/esp-idf/components/esp_bootloader_format /Users/requieeeem/esp/esp-idf/components/esp_coex /Users/requieeeem/esp/esp-idf/components/esp_common /Users/requieeeem/esp/esp-idf/components/esp_driver_ana_cmpr /Users/requieeeem/esp/esp-idf/components/esp_driver_cam /Users/requieeeem/esp/esp-idf/components/esp_driver_dac /Users/requieeeem/esp/esp-idf/components/esp_driver_gpio /Users/requieeeem/esp/esp-idf/components/esp_driver_gptimer /Users/requieeeem/esp/esp-idf/components/esp_driver_i2c /Users/requieeeem/esp/esp-idf/components/esp_driver_i2s /Users/requieeeem/esp/esp-idf/components/esp_driver_isp /Users/requieeeem/esp/esp-idf/components/esp_driver_jpeg /Users/requieeeem/esp/esp-idf/components/esp_driver_ledc /Users/requieeeem/esp/esp-idf/components/esp_driver_mcpwm /Users/requieeeem/esp/esp-idf/components/esp_driver_parlio /Users/requieeeem/esp/esp-idf/components/esp_driver_pcnt /Users/requieeeem/esp/esp-idf/components/esp_driver_ppa /Users/requieeeem/esp/esp-idf/components/esp_driver_rmt /Users/requieeeem/esp/esp-idf/components/esp_driver_sdio /Users/requieeeem/esp/esp-idf/components/esp_driver_sdm /Users/requieeeem/esp/esp-idf/components/esp_driver_sdmmc /Users/requieeeem/esp/esp-idf/components/esp_driver_sdspi /Users/requieeeem/esp/esp-idf/components/esp_driver_spi /Users/requieeeem/esp/esp-idf/components/esp_driver_touch_sens /Users/requieeeem/esp/esp-idf/components/esp_driver_tsens /Users/requieeeem/esp/esp-idf/components/esp_driver_uart /Users/requieeeem/esp/esp-idf/components/esp_driver_usb_serial_jtag /Users/requieeeem/esp/esp-idf/components/esp_eth /Users/requieeeem/esp/esp-idf/components/esp_event /Users/requieeeem/esp/esp-idf/components/esp_gdbstub /Users/requieeeem/esp/esp-idf/components/esp_hid /Users/requieeeem/esp/esp-idf/components/esp_http_client /Users/requieeeem/esp/esp-idf/components/esp_http_server /Users/requieeeem/esp/esp-idf/components/esp_https_ota /Users/requieeeem/esp/esp-idf/components/esp_https_server /Users/requieeeem/esp/esp-idf/components/esp_hw_support /Users/requieeeem/esp/esp-idf/components/esp_lcd /Users/requieeeem/esp/esp-idf/components/esp_local_ctrl /Users/requieeeem/esp/esp-idf/components/esp_mm /Users/requieeeem/esp/esp-idf/components/esp_netif /Users/requieeeem/esp/esp-idf/components/esp_netif_stack /Users/requieeeem/esp/esp-idf/components/esp_partition /Users/requieeeem/esp/esp-idf/components/esp_phy /Users/requieeeem/esp/esp-idf/components/esp_pm /Users/requieeeem/esp/esp-idf/components/esp_psram /Users/requieeeem/esp/esp-idf/components/esp_ringbuf /Users/requieeeem/esp/esp-idf/components/esp_rom /Users/requieeeem/esp/esp-idf/components/esp_system /Users/requieeeem/esp/esp-idf/components/esp_timer /Users/requieeeem/esp/esp-idf/components/esp_vfs_console /Users/requieeeem/esp/esp-idf/components/esp_wifi /Users/requieeeem/esp/esp-idf/components/espcoredump /Users/requieeeem/esp/esp-dev-kits/esp32-c3-lcdkit/examples/knob_panel/managed_components/espressif__button /Users/requieeeem/esp/esp-dev-kits/esp32-c3-lcdkit/examples/knob_panel/managed_components/espressif__cmake_utilities /Users/requieeeem/esp/esp-dev-kits/esp32-c3-lcdkit/examples/knob_panel/managed_components/espressif__esp32_c3_lcdkit /Users/requieeeem/esp/esp-dev-kits/esp32-c3-lcdkit/examples/knob_panel/managed_components/espressif__esp_codec_dev /Users/requieeeem/esp/esp-dev-kits/esp32-c3-lcdkit/examples/knob_panel/managed_components/espressif__esp_lcd_gc9a01 /Users/requieeeem/esp/esp-dev-kits/esp32-c3-lcdkit/examples/knob_panel/managed_components/espressif__esp_lvgl_port /Users/requieeeem/esp/esp-dev-kits/esp32-c3-lcdkit/examples/knob_panel/managed_components/espressif__knob /Users/requieeeem/esp/esp-dev-kits/esp32-c3-lcdkit/examples/knob_panel/managed_components/espressif__led_strip /Users/requieeeem/esp/esp-idf/components/esptool_py /Users/requieeeem/esp/esp-idf/components/fatfs /Users/requieeeem/esp/esp-idf/components/freertos /Users/requieeeem/esp/esp-idf/components/hal /Users/requieeeem/esp/esp-idf/components/heap /Users/requieeeem/esp/esp-idf/components/http_parser /Users/requieeeem/esp/esp-idf/components/idf_test /Users/requieeeem/esp/esp-idf/components/ieee802154 /Users/requieeeem/esp/esp-idf/components/json /Users/requieeeem/esp/esp-idf/components/log /Users/requieeeem/esp/esp-dev-kits/esp32-c3-lcdkit/examples/knob_panel/managed_components/lvgl__lvgl /Users/requieeeem/esp/esp-idf/components/lwip /Users/requieeeem/esp/esp-dev-kits/esp32-c3-lcdkit/examples/knob_panel/main /Users/requieeeem/esp/esp-idf/components/mbedtls /Users/requieeeem/esp/esp-idf/components/mqtt /Users/requieeeem/esp/esp-idf/components/newlib /Users/requieeeem/esp/esp-idf/components/nvs_flash /Users/requieeeem/esp/esp-idf/components/nvs_sec_provider /Users/requieeeem/esp/esp-idf/components/openthread /Users/requieeeem/esp/esp-idf/components/partition_table /Users/requieeeem/esp/esp-idf/components/protobuf-c /Users/requieeeem/esp/esp-idf/components/protocomm /Users/requieeeem/esp/esp-idf/components/pthread /Users/requieeeem/esp/esp-idf/components/riscv /Users/requieeeem/esp/esp-idf/components/sdmmc /Users/requieeeem/esp/esp-idf/components/soc /Users/requieeeem/esp/esp-idf/components/spi_flash /Users/requieeeem/esp/esp-idf/components/spiffs /Users/requieeeem/esp/esp-idf/components/tcp_transport /Users/requieeeem/esp/esp-idf/components/ulp /Users/requieeeem/esp/esp-idf/components/unity /Users/requieeeem/esp/esp-idf/components/usb /Users/requieeeem/esp/esp-idf/components/vfs /Users/requieeeem/esp/esp-idf/components/wear_levelling /Users/requieeeem/esp/esp-idf/components/wifi_provisioning /Users/requieeeem/esp/esp-idf/components/wpa_supplicant
-- Configuring done (3.3s)
-- Generating done (0.4s)
-- Build files have been written to: /Users/requieeeem/esp/esp-dev-kits/esp32-c3-lcdkit/examples/knob_panel/build
[1/1440] Generating project_elf_src_esp32c3.c
[2/1440] Generating /Users/requieeeem/esp/esp-dev-kits/esp32-c3-lcdkit/examples/knob_panel/build/esp-idf/esp_system/ld/memory.ld linker script...
[3/1440] Generating /Users/requieeeem/esp/esp-dev-kits/esp32-c3-lcdkit/examples/knob_panel/build/esp-idf/esp_system/ld/sections.ld.in linker script...
[4/1440] cd /Users/requieeeem/esp/esp-dev-kits/esp32-c3-lcdkit/examples/knob_panel/build/esp-idf/main && /Users/requieeeem/.espressif/python_env/idf5.3_py3.9_env/bin/python /Users/requieeeem/esp/esp-idf/components/spiffs/spiffsgen.py 0x64000 /Users/requieeeem/esp/esp-dev-kits/esp32-c3-lcdkit/examples/knob_panel/spiffs /Users/requieeeem/esp/esp-dev-kits/esp32-c3-lcdkit/examples/knob_panel/build/storage.bin --page-size=256 --obj-name-len=32 --meta-len=4 --use-magic --use-magic-len
FAILED: esp-idf/main/CMakeFiles/spiffs_storage_bin /Users/requieeeem/esp/esp-dev-kits/esp32-c3-lcdkit/examples/knob_panel/build/esp-idf/main/CMakeFiles/spiffs_storage_bin 
cd /Users/requieeeem/esp/esp-dev-kits/esp32-c3-lcdkit/examples/knob_panel/build/esp-idf/main && /Users/requieeeem/.espressif/python_env/idf5.3_py3.9_env/bin/python /Users/requieeeem/esp/esp-idf/components/spiffs/spiffsgen.py 0x64000 /Users/requieeeem/esp/esp-dev-kits/esp32-c3-lcdkit/examples/knob_panel/spiffs /Users/requieeeem/esp/esp-dev-kits/esp32-c3-lcdkit/examples/knob_panel/build/storage.bin --page-size=256 --obj-name-len=32 --meta-len=4 --use-magic --use-magic-len
Traceback (most recent call last):
  File "/Users/requieeeem/esp/esp-idf/components/spiffs/spiffsgen.py", line 431, in create_file
    block.update_obj(contents_chunk)
  File "/Users/requieeeem/esp/esp-idf/components/spiffs/spiffsgen.py", line 346, in update_obj
    raise SpiffsFullError()
__main__.SpiffsFullError

During handling of the above exception, another exception occurred:

Traceback (most recent call last):
  File "/Users/requieeeem/esp/esp-idf/components/spiffs/spiffsgen.py", line 435, in create_file
    raise SpiffsFullError
__main__.SpiffsFullError

During handling of the above exception, another exception occurred:

Traceback (most recent call last):
  File "/Users/requieeeem/esp/esp-idf/components/spiffs/spiffsgen.py", line 590, in <module>
    main()
  File "/Users/requieeeem/esp/esp-idf/components/spiffs/spiffsgen.py", line 582, in main
    spiffs.create_file('/' + os.path.relpath(full_path, args.base_dir).replace('\\', '/'), full_path)
  File "/Users/requieeeem/esp/esp-idf/components/spiffs/spiffsgen.py", line 446, in create_file
    block = self._create_block()
  File "/Users/requieeeem/esp/esp-idf/components/spiffs/spiffsgen.py", line 395, in _create_block
    raise SpiffsFullError('the image size has been exceeded')
__main__.SpiffsFullError: the image size has been exceeded
[5/1440] Building C object esp-idf/esp_http_server/CMakeFiles/__idf_esp_http_server.dir/src/util/ctrl_sock.c.obj
[6/1440] Generating ../../partition_table/partition-table.bin
Partition table binary generated. Contents:
*******************************************************************************
# ESP-IDF Partition Table
# Name, Type, SubType, Offset, Size, Flags
nvs,data,nvs,0x9000,24K,
phy_init,data,phy,0xf000,4K,
fctry,data,nvs,0x10000,24K,
factory,app,factory,0x20000,3400K,
storage,data,spiffs,0x372000,400K,
*******************************************************************************
[7/1440] Building C object esp-idf/esp_http_server/CMakeFiles/__idf_esp_http_server.dir/src/httpd_sess.c.obj
[8/1440] Building C object esp-idf/esp_http_server/CMakeFiles/__idf_esp_http_server.dir/src/httpd_ws.c.obj
[9/1440] Building C object esp-idf/esp_http_server/CMakeFiles/__idf_esp_http_server.dir/src/httpd_uri.c.obj
[10/1440] Building C object esp-idf/esp_https_ota/CMakeFiles/__idf_esp_https_ota.dir/src/esp_https_ota.c.obj
[11/1440] Building C object esp-idf/esp_http_server/CMakeFiles/__idf_esp_http_server.dir/src/httpd_txrx.c.obj
[12/1440] Building C object esp-idf/esp_http_server/CMakeFiles/__idf_esp_http_server.dir/src/httpd_main.c.obj
[13/1440] Building C object esp-idf/esp_http_server/CMakeFiles/__idf_esp_http_server.dir/src/httpd_parse.c.obj
ninja: build stopped: subcommand failed.
